// Jest Snapshot v1, https://goo.gl/fbAQLP

exports[`Country component test Country snapshot 1`] = `
Object {
  "asFragment": [Function],
  "baseElement": <body>
    <div>
      <a
        class="country-card grow pointer flex flex-column justify-center items-center"
        href="/url"
        style="min-height: 25vh;"
      >
        <div
          loading="lazy"
          style="width: 10rem; height: 70%; background-size: auto 80%; opacity: 0.2;"
        />
        <p
          class="pr3 white f4 b"
          style="font-size: 1.3rem; color: aliceblue;"
        >
          country 1
        </p>
        <span
          class="db pr3 white f5 b"
          style="font-size: 1rem; color: azure;"
        >
          Total:
           100
        </span>
        <p
          class="db pr3 white f5 b"
          style="font-size: 1rem; color: azure;"
        >
          New Cases:
           50
        </p>
      </a>
    </div>
  </body>,
  "container": <div>
    <a
      class="country-card grow pointer flex flex-column justify-center items-center"
      href="/url"
      style="min-height: 25vh;"
    >
      <div
        loading="lazy"
        style="width: 10rem; height: 70%; background-size: auto 80%; opacity: 0.2;"
      />
      <p
        class="pr3 white f4 b"
        style="font-size: 1.3rem; color: aliceblue;"
      >
        country 1
      </p>
      <span
        class="db pr3 white f5 b"
        style="font-size: 1rem; color: azure;"
      >
        Total:
         100
      </span>
      <p
        class="db pr3 white f5 b"
        style="font-size: 1rem; color: azure;"
      >
        New Cases:
         50
      </p>
    </a>
  </div>,
  "debug": [Function],
  "findAllByAltText": [Function],
  "findAllByDisplayValue": [Function],
  "findAllByLabelText": [Function],
  "findAllByPlaceholderText": [Function],
  "findAllByRole": [Function],
  "findAllByTestId": [Function],
  "findAllByText": [Function],
  "findAllByTitle": [Function],
  "findByAltText": [Function],
  "findByDisplayValue": [Function],
  "findByLabelText": [Function],
  "findByPlaceholderText": [Function],
  "findByRole": [Function],
  "findByTestId": [Function],
  "findByText": [Function],
  "findByTitle": [Function],
  "getAllByAltText": [Function],
  "getAllByDisplayValue": [Function],
  "getAllByLabelText": [Function],
  "getAllByPlaceholderText": [Function],
  "getAllByRole": [Function],
  "getAllByTestId": [Function],
  "getAllByText": [Function],
  "getAllByTitle": [Function],
  "getByAltText": [Function],
  "getByDisplayValue": [Function],
  "getByLabelText": [Function],
  "getByPlaceholderText": [Function],
  "getByRole": [Function],
  "getByTestId": [Function],
  "getByText": [Function],
  "getByTitle": [Function],
  "queryAllByAltText": [Function],
  "queryAllByDisplayValue": [Function],
  "queryAllByLabelText": [Function],
  "queryAllByPlaceholderText": [Function],
  "queryAllByRole": [Function],
  "queryAllByTestId": [Function],
  "queryAllByText": [Function],
  "queryAllByTitle": [Function],
  "queryByAltText": [Function],
  "queryByDisplayValue": [Function],
  "queryByLabelText": [Function],
  "queryByPlaceholderText": [Function],
  "queryByRole": [Function],
  "queryByTestId": [Function],
  "queryByText": [Function],
  "queryByTitle": [Function],
  "rerender": [Function],
  "unmount": [Function],
}
`;
