// Jest Snapshot v1, https://goo.gl/fbAQLP

exports[`Regions component test test Regions component 1`] = `
Object {
  "asFragment": [Function],
  "baseElement": <body>
    <div>
      <div
        class="f4 fw4 states-container pa5-ns pa3 pt3 pb3"
      >
        <p
          class="f4 fw4 white"
        >
          region 1
        </p>
        <p
          class="f4 fw4 tr pr3 white"
        >
          50
        </p>
      </div>
    </div>
    <div>
      <h2
        class="white f6 tracked fw3 pa2"
        style="background: rgb(215, 0, 96); text-align: center; padding: 1rem; color: silver;"
      >
        CITY/TOWN/REGION - 2022
      </h2>
      <img
        alt="loading"
        class="db center"
        height="100"
        id="loading"
        src="/images/loading.gif"
        style="margin: 2rem 45%;"
        width="100"
      />
    </div>
  </body>,
  "container": <div>
    <h2
      class="white f6 tracked fw3 pa2"
      style="background: rgb(215, 0, 96); text-align: center; padding: 1rem; color: silver;"
    >
      CITY/TOWN/REGION - 2022
    </h2>
    <img
      alt="loading"
      class="db center"
      height="100"
      id="loading"
      src="/images/loading.gif"
      style="margin: 2rem 45%;"
      width="100"
    />
  </div>,
  "debug": [Function],
  "findAllByAltText": [Function],
  "findAllByDisplayValue": [Function],
  "findAllByLabelText": [Function],
  "findAllByPlaceholderText": [Function],
  "findAllByRole": [Function],
  "findAllByTestId": [Function],
  "findAllByText": [Function],
  "findAllByTitle": [Function],
  "findByAltText": [Function],
  "findByDisplayValue": [Function],
  "findByLabelText": [Function],
  "findByPlaceholderText": [Function],
  "findByRole": [Function],
  "findByTestId": [Function],
  "findByText": [Function],
  "findByTitle": [Function],
  "getAllByAltText": [Function],
  "getAllByDisplayValue": [Function],
  "getAllByLabelText": [Function],
  "getAllByPlaceholderText": [Function],
  "getAllByRole": [Function],
  "getAllByTestId": [Function],
  "getAllByText": [Function],
  "getAllByTitle": [Function],
  "getByAltText": [Function],
  "getByDisplayValue": [Function],
  "getByLabelText": [Function],
  "getByPlaceholderText": [Function],
  "getByRole": [Function],
  "getByTestId": [Function],
  "getByText": [Function],
  "getByTitle": [Function],
  "queryAllByAltText": [Function],
  "queryAllByDisplayValue": [Function],
  "queryAllByLabelText": [Function],
  "queryAllByPlaceholderText": [Function],
  "queryAllByRole": [Function],
  "queryAllByTestId": [Function],
  "queryAllByText": [Function],
  "queryAllByTitle": [Function],
  "queryByAltText": [Function],
  "queryByDisplayValue": [Function],
  "queryByLabelText": [Function],
  "queryByPlaceholderText": [Function],
  "queryByRole": [Function],
  "queryByTestId": [Function],
  "queryByText": [Function],
  "queryByTitle": [Function],
  "rerender": [Function],
  "unmount": [Function],
}
`;
