// Jest Snapshot v1, https://goo.gl/fbAQLP

exports[`Headline component test Headline snapshot 1`] = `
Object {
  "asFragment": [Function],
  "baseElement": <body>
    <div>
      <div
        class="flex ma0 justify-center items-center relative"
        id="headline"
      >
        <div
          class="structure"
        >
          <img
            alt=""
            class="block o-30 w-auto-ns w-50 h-100-ns h-50 maps"
            src="/images/world-map.png"
          />
          <img
            alt=""
            class="none o-30 w-auto-ns w-50 h-100-ns h-50 maps"
            src="/images/.png"
          />
          <h1
            class="topic white f2-l f4-m f4-ns f5"
          >
            <span
              style="white-space: pre-line;"
            >
              Covid Statistics
 around the world.
            </span>
          </h1>
        </div>
        <input
          class="block"
          placeholder="Search Country"
          style="border-width: 2px; border-radius: 1rem; padding: 5px; font-size: 1rem; text-align: center; margin: 2rem auto;"
          type="text"
          value=""
        />
      </div>
    </div>
  </body>,
  "container": <div>
    <div
      class="flex ma0 justify-center items-center relative"
      id="headline"
    >
      <div
        class="structure"
      >
        <img
          alt=""
          class="block o-30 w-auto-ns w-50 h-100-ns h-50 maps"
          src="/images/world-map.png"
        />
        <img
          alt=""
          class="none o-30 w-auto-ns w-50 h-100-ns h-50 maps"
          src="/images/.png"
        />
        <h1
          class="topic white f2-l f4-m f4-ns f5"
        >
          <span
            style="white-space: pre-line;"
          >
            Covid Statistics
 around the world.
          </span>
        </h1>
      </div>
      <input
        class="block"
        placeholder="Search Country"
        style="border-width: 2px; border-radius: 1rem; padding: 5px; font-size: 1rem; text-align: center; margin: 2rem auto;"
        type="text"
        value=""
      />
    </div>
  </div>,
  "debug": [Function],
  "findAllByAltText": [Function],
  "findAllByDisplayValue": [Function],
  "findAllByLabelText": [Function],
  "findAllByPlaceholderText": [Function],
  "findAllByRole": [Function],
  "findAllByTestId": [Function],
  "findAllByText": [Function],
  "findAllByTitle": [Function],
  "findByAltText": [Function],
  "findByDisplayValue": [Function],
  "findByLabelText": [Function],
  "findByPlaceholderText": [Function],
  "findByRole": [Function],
  "findByTestId": [Function],
  "findByText": [Function],
  "findByTitle": [Function],
  "getAllByAltText": [Function],
  "getAllByDisplayValue": [Function],
  "getAllByLabelText": [Function],
  "getAllByPlaceholderText": [Function],
  "getAllByRole": [Function],
  "getAllByTestId": [Function],
  "getAllByText": [Function],
  "getAllByTitle": [Function],
  "getByAltText": [Function],
  "getByDisplayValue": [Function],
  "getByLabelText": [Function],
  "getByPlaceholderText": [Function],
  "getByRole": [Function],
  "getByTestId": [Function],
  "getByText": [Function],
  "getByTitle": [Function],
  "queryAllByAltText": [Function],
  "queryAllByDisplayValue": [Function],
  "queryAllByLabelText": [Function],
  "queryAllByPlaceholderText": [Function],
  "queryAllByRole": [Function],
  "queryAllByTestId": [Function],
  "queryAllByText": [Function],
  "queryAllByTitle": [Function],
  "queryByAltText": [Function],
  "queryByDisplayValue": [Function],
  "queryByLabelText": [Function],
  "queryByPlaceholderText": [Function],
  "queryByRole": [Function],
  "queryByTestId": [Function],
  "queryByText": [Function],
  "queryByTitle": [Function],
  "rerender": [Function],
  "unmount": [Function],
}
`;
